input port       bits  to-FF.D   unused  verdict
blk_v               6        5        1  REG_IN ok
coef              200      200        0  REG_IN ok
img_height         12       12        0  REG_IN ok
img_width          11        9        2  REG_IN ok
in_pix_data       160      160        0  REG_IN ok
mem_rdata        7840     7840        0  REG_IN ok
clk                 1  (exempt, readers: $adff, $adffe, $dff, $dffe, $sdff)
frm_start           1  (exempt, readers: $adffe, $mux, $ne, $not)
in_pix_rdy          1  (exempt, readers: $and)
out_pix_need        1  (exempt, readers: $and)
rst_n               1  (exempt, readers: $adff, $adffe)

out_pix_data      160 bits, 160 driven by FF.Q  REG_OUT ok
in_pix_need         1 bits, drivers: $adff (no REG_OUT requirement)
mem_addr          539 bits, drivers: $adffe, const/port (no REG_OUT requirement)
mem_ce             49 bits, drivers: $and (no REG_OUT requirement)
mem_wdata        7840 bits, drivers: $mux (no REG_OUT requirement)
mem_we             49 bits, drivers: $and (no REG_OUT requirement)
out_pix_rdy         1 bits, drivers: $adffe (no REG_OUT requirement)

REG_IN/REG_OUT CHECK PASSED
