OpenSTA 3.1.0 509913b139 Copyright (c) 2026, Parallax Software, Inc.
License GPLv3: GNU GPL version 3 <http://gnu.org/licenses/gpl.html>

This is free software, and you are free to change and redistribute it
under certain conditions; type `show_copying' for details. 
This program comes with ABSOLUTELY NO WARRANTY; for details type `show_warranty'.
Warning 1212: /root/ORFS/flow/platforms/asap7/lib/NLDM/asap7sc7p5t_SIMPLE_RVT_SS_nldm_211120.lib.gz line 13156, timing group from output port.
Warning 1212: /root/ORFS/flow/platforms/asap7/lib/NLDM/asap7sc7p5t_SIMPLE_RVT_SS_nldm_211120.lib.gz line 13189, timing group from output port.
Warning 1212: /root/ORFS/flow/platforms/asap7/lib/NLDM/asap7sc7p5t_SIMPLE_RVT_SS_nldm_211120.lib.gz line 13222, timing group from output port.
Warning 1212: /root/ORFS/flow/platforms/asap7/lib/NLDM/asap7sc7p5t_SIMPLE_RVT_SS_nldm_211120.lib.gz line 13255, timing group from output port.
Warning 1212: /root/ORFS/flow/platforms/asap7/lib/NLDM/asap7sc7p5t_SIMPLE_RVT_SS_nldm_211120.lib.gz line 13288, timing group from output port.
Warning 1212: /root/ORFS/flow/platforms/asap7/lib/NLDM/asap7sc7p5t_SIMPLE_RVT_SS_nldm_211120.lib.gz line 13321, timing group from output port.
Warning 1212: /root/ORFS/flow/platforms/asap7/lib/NLDM/asap7sc7p5t_SIMPLE_RVT_SS_nldm_211120.lib.gz line 13354, timing group from output port.
Warning 1212: /root/ORFS/flow/platforms/asap7/lib/NLDM/asap7sc7p5t_SIMPLE_RVT_SS_nldm_211120.lib.gz line 14748, timing group from output port.
Warning 1212: /root/ORFS/flow/platforms/asap7/lib/NLDM/asap7sc7p5t_SIMPLE_RVT_SS_nldm_211120.lib.gz line 14781, timing group from output port.
Warning 1212: /root/ORFS/flow/platforms/asap7/lib/NLDM/asap7sc7p5t_SIMPLE_RVT_SS_nldm_211120.lib.gz line 14814, timing group from output port.
==== mac4 : summary ====
worst slack max -261.74
tns max -1607879.25
==== mac4 : worst endpoints (unique, 10) ====
max_delay/setup group clk

                                     Required  Actual
Endpoint                               Delay   Delay   Slack
------------------------------------------------------------
cvlo3_q[186]$_DFF_P_/D (DFFHQNx1_ASAP7_75t_R)  721.30  983.03 -261.74 (VIOLATED)
cvlo3_q[266]$_DFF_P_/D (DFFHQNx1_ASAP7_75t_R)  720.14  978.94 -258.80 (VIOLATED)
cvlo3_q[16]$_DFF_P_/D (DFFHQNx1_ASAP7_75t_R)  720.02  976.66 -256.64 (VIOLATED)
cvlo3_q[194]$_DFF_P_/D (DFFHQNx1_ASAP7_75t_R)  721.31  977.47 -256.16 (VIOLATED)
cvlo3_q[9]$_DFF_P_/D (DFFHQNx1_ASAP7_75t_R)  720.38  974.17 -253.79 (VIOLATED)
cvlo3_q[281]$_DFF_P_/D (DFFHQNx1_ASAP7_75t_R)  721.30  973.56 -252.26 (VIOLATED)
cvlo3_q[258]$_DFF_P_/D (DFFHQNx1_ASAP7_75t_R)  720.14  971.75 -251.61 (VIOLATED)
cvlo3_q[169]$_DFF_P_/D (DFFHQNx1_ASAP7_75t_R)  721.32  972.92 -251.60 (VIOLATED)
cvlo3_q[21]$_DFF_P_/D (DFFHQNx1_ASAP7_75t_R)  720.06  971.61 -251.55 (VIOLATED)
cvlo3_q[18]$_DFF_P_/D (DFFHQNx1_ASAP7_75t_R)  720.06  971.56 -251.50 (VIOLATED)

==== mac4 : stage rdata_q->MAC1 (7840 -> 30400 regs) ====
Startpoint: rdata_q[21]$_DFFE_PP_
            (rising edge-triggered flip-flop clocked by clk)
Endpoint: pphi_q[100][13]$_DFFE_PP_
          (rising edge-triggered flip-flop clocked by clk)
Path Group: clk
Path Type: max

  Delay    Time   Description
---------------------------------------------------------
   0.00    0.00   clock clk (rise edge)
   0.00    0.00   clock network delay (ideal)
   0.00    0.00 ^ rdata_q[21]$_DFFE_PP_/CLK (DFFHQNx1_ASAP7_75t_R)
  64.43   64.43 v rdata_q[21]$_DFFE_PP_/QN (DFFHQNx1_ASAP7_75t_R)
  37.75  102.18 v _725193_/Y (OR2x2_ASAP7_75t_R)
  47.72  149.90 v _725194_/Y (BUFx2_ASAP7_75t_R)
  30.55  180.45 ^ _725281_/Y (NOR2x1_ASAP7_75t_R)
  62.27  242.73 v _845189_/SN (FAx1_ASAP7_75t_R)
  27.53  270.26 ^ _631886_/Y (INVx1_ASAP7_75t_R)
  55.02  325.28 ^ _845181_/SN (FAx1_ASAP7_75t_R)
  33.99  359.26 v _557260_/Y (INVx1_ASAP7_75t_R)
  28.91  388.18 ^ _900585_/CON (HAxp5_ASAP7_75t_R)
  19.80  407.97 v _900585_/SN (HAxp5_ASAP7_75t_R)
  38.60  446.58 v _534816_/Y (OA21x2_ASAP7_75t_R)
  38.49  485.06 v _534817_/Y (OA21x2_ASAP7_75t_R)
  36.58  521.65 v _534818_/Y (OA21x2_ASAP7_75t_R)
  38.65  560.30 v _534819_/Y (OA21x2_ASAP7_75t_R)
  36.56  596.86 v _534820_/Y (OA21x2_ASAP7_75t_R)
  38.32  635.18 v _534821_/Y (OA21x2_ASAP7_75t_R)
  51.79  686.98 v _534824_/Y (OA211x2_ASAP7_75t_R)
  38.34  725.32 v _534825_/Y (OA21x2_ASAP7_75t_R)
  36.66  761.97 v _534826_/Y (OA21x2_ASAP7_75t_R)
  47.89  809.87 ^ _534827_/Y (XOR2x2_ASAP7_75t_R)
   0.00  809.87 ^ pphi_q[100][13]$_DFFE_PP_/D (DFFHQNx1_ASAP7_75t_R)
         809.87   data arrival time

 900.00  900.00   clock clk (rise edge)
   0.00  900.00   clock network delay (ideal)
-150.00  750.00   clock uncertainty
   0.00  750.00   clock reconvergence pessimism
         750.00 ^ pphi_q[100][13]$_DFFE_PP_/CLK (DFFHQNx1_ASAP7_75t_R)
 -28.42  721.58   library setup time
         721.58   data required time
---------------------------------------------------------
         721.58   data required time
        -809.87   data arrival time
---------------------------------------------------------
         -88.28   slack (VIOLATED)


==== mac4 : stage MAC1->pair_q (22400 -> 8000 regs) ====
Startpoint: pplo_q[1][4]$_DFFE_PP_
            (rising edge-triggered flip-flop clocked by clk)
Endpoint: pair_q[0][18]$_DFFE_PP_
          (rising edge-triggered flip-flop clocked by clk)
Path Group: clk
Path Type: max

  Delay    Time   Description
---------------------------------------------------------
   0.00    0.00   clock clk (rise edge)
   0.00    0.00   clock network delay (ideal)
   0.00    0.00 ^ pplo_q[1][4]$_DFFE_PP_/CLK (DFFHQNx1_ASAP7_75t_R)
  65.49   65.49 v pplo_q[1][4]$_DFFE_PP_/QN (DFFHQNx1_ASAP7_75t_R)
  25.66   91.15 ^ _809629_/Y (INVx1_ASAP7_75t_R)
  60.39  151.54 v _851018_/SN (FAx1_ASAP7_75t_R)
  28.30  179.85 ^ _642638_/Y (INVx1_ASAP7_75t_R)
  30.98  210.83 v _850886_/CON (FAx1_ASAP7_75t_R)
  24.56  235.38 ^ _850886_/SN (FAx1_ASAP7_75t_R)
  21.50  256.89 v _695352_/Y (INVx1_ASAP7_75t_R)
  79.10  335.99 v _889601_/SN (HAxp5_ASAP7_75t_R)
  46.89  382.87 v _555897_/Y (OA21x2_ASAP7_75t_R)
  38.69  421.57 v _555898_/Y (OA21x2_ASAP7_75t_R)
  38.58  460.15 v _555899_/Y (OA21x2_ASAP7_75t_R)
  37.88  498.03 v _555902_/Y (OA21x2_ASAP7_75t_R)
  60.77  558.80 v _555903_/Y (OR4x1_ASAP7_75t_R)
  45.52  604.32 v _555906_/Y (AND5x1_ASAP7_75t_R)
  41.20  645.52 v _555911_/Y (OA31x2_ASAP7_75t_R)
  37.10  682.63 v _555912_/Y (OA21x2_ASAP7_75t_R)
  36.66  719.29 v _555913_/Y (OA21x2_ASAP7_75t_R)
  48.06  767.35 ^ _555914_/Y (XOR2x2_ASAP7_75t_R)
   0.00  767.35 ^ pair_q[0][18]$_DFFE_PP_/D (DFFHQNx1_ASAP7_75t_R)
         767.35   data arrival time

 900.00  900.00   clock clk (rise edge)
   0.00  900.00   clock network delay (ideal)
-150.00  750.00   clock uncertainty
   0.00  750.00   clock reconvergence pessimism
         750.00 ^ pair_q[0][18]$_DFFE_PP_/CLK (DFFHQNx1_ASAP7_75t_R)
 -28.77  721.23   library setup time
         721.23   data required time
---------------------------------------------------------
         721.23   data required time
        -767.35   data arrival time
---------------------------------------------------------
         -46.11   slack (VIOLATED)


==== mac4 : stage pair_q->part_q (8000 -> 1600 regs) ====
Startpoint: pair_q[261][6]$_DFFE_PP_
            (rising edge-triggered flip-flop clocked by clk)
Endpoint: part_q[52][19]$_DFFE_PP_
          (rising edge-triggered flip-flop clocked by clk)
Path Group: clk
Path Type: max

  Delay    Time   Description
---------------------------------------------------------
   0.00    0.00   clock clk (rise edge)
   0.00    0.00   clock network delay (ideal)
   0.00    0.00 ^ pair_q[261][6]$_DFFE_PP_/CLK (DFFHQNx1_ASAP7_75t_R)
  65.49   65.49 v pair_q[261][6]$_DFFE_PP_/QN (DFFHQNx1_ASAP7_75t_R)
  25.66   91.15 ^ _820316_/Y (INVx1_ASAP7_75t_R)
  60.39  151.54 v _832610_/SN (FAx1_ASAP7_75t_R)
  28.30  179.85 ^ _824073_/Y (INVx1_ASAP7_75t_R)
  60.92  240.77 v _832592_/SN (FAx1_ASAP7_75t_R)
  28.30  269.07 ^ _668601_/Y (INVx1_ASAP7_75t_R)
  30.98  300.05 v _832574_/CON (FAx1_ASAP7_75t_R)
  24.56  324.61 ^ _832574_/SN (FAx1_ASAP7_75t_R)
  21.50  346.11 v _533242_/Y (INVx1_ASAP7_75t_R)
 104.35  450.46 v _898445_/SN (HAxp5_ASAP7_75t_R)
  52.38  502.84 v _610415_/Y (OA21x2_ASAP7_75t_R)
  38.85  541.69 v _610416_/Y (OA21x2_ASAP7_75t_R)
  59.96  601.65 v _610420_/Y (OA221x2_ASAP7_75t_R)
  51.97  653.62 v _610421_/Y (OA211x2_ASAP7_75t_R)
  38.22  691.84 v _610424_/Y (OA21x2_ASAP7_75t_R)
  38.76  730.60 v _610427_/Y (OA31x2_ASAP7_75t_R)
  37.18  767.79 v _610428_/Y (OA21x2_ASAP7_75t_R)
  38.11  805.90 v _610429_/Y (OA21x2_ASAP7_75t_R)
  41.15  847.05 v _610430_/Y (AO22x1_ASAP7_75t_R)
  43.92  890.97 ^ _610438_/Y (XNOR2x2_ASAP7_75t_R)
   0.00  890.97 ^ part_q[52][19]$_DFFE_PP_/D (DFFHQNx1_ASAP7_75t_R)
         890.97   data arrival time

 900.00  900.00   clock clk (rise edge)
   0.00  900.00   clock network delay (ideal)
-150.00  750.00   clock uncertainty
   0.00  750.00   clock reconvergence pessimism
         750.00 ^ part_q[52][19]$_DFFE_PP_/CLK (DFFHQNx1_ASAP7_75t_R)
 -28.32  721.68   library setup time
         721.68   data required time
---------------------------------------------------------
         721.68   data required time
        -890.97   data arrival time
---------------------------------------------------------
        -169.29   slack (VIOLATED)


==== mac4 : stage part_q->output (1600 -> 320 regs) ====
Startpoint: part_q[31][5]$_DFFE_PP_
            (rising edge-triggered flip-flop clocked by clk)
Endpoint: oskid_d[60]$_DFFE_PN0P_
          (rising edge-triggered flip-flop clocked by clk)
Path Group: clk
Path Type: max

  Delay    Time   Description
---------------------------------------------------------
   0.00    0.00   clock clk (rise edge)
   0.00    0.00   clock network delay (ideal)
   0.00    0.00 ^ part_q[31][5]$_DFFE_PP_/CLK (DFFHQNx1_ASAP7_75t_R)
  65.49   65.49 v part_q[31][5]$_DFFE_PP_/QN (DFFHQNx1_ASAP7_75t_R)
  25.66   91.15 ^ _796666_/Y (INVx1_ASAP7_75t_R)
  60.39  151.54 v _853067_/SN (FAx1_ASAP7_75t_R)
  28.30  179.85 ^ _521673_/Y (INVx1_ASAP7_75t_R)
  60.92  240.77 v _853050_/SN (FAx1_ASAP7_75t_R)
  28.26  269.03 ^ _622850_/Y (INVx1_ASAP7_75t_R)
  30.97  299.99 v _853033_/CON (FAx1_ASAP7_75t_R)
  24.56  324.55 ^ _853033_/SN (FAx1_ASAP7_75t_R)
  21.55  346.10 v _622453_/Y (INVx1_ASAP7_75t_R)
  62.61  408.71 v _899992_/SN (HAxp5_ASAP7_75t_R)
  62.76  471.47 v _759968_/Y (OR4x1_ASAP7_75t_R)
  50.50  521.97 v _759970_/Y (OA221x2_ASAP7_75t_R)
  41.22  563.19 v _759973_/Y (OA21x2_ASAP7_75t_R)
  42.60  605.79 v _759978_/Y (OA21x2_ASAP7_75t_R)
  23.91  629.69 ^ _759980_/Y (OAI21x1_ASAP7_75t_R)
  51.69  681.38 ^ _759983_/Y (AND3x1_ASAP7_75t_R)
  21.32  702.70 v _759985_/Y (OAI21x1_ASAP7_75t_R)
  31.44  734.14 v _759986_/Y (AND4x1_ASAP7_75t_R)
  34.81  768.94 v _759988_/Y (OR2x2_ASAP7_75t_R)
  50.19  819.13 v _759989_/Y (BUFx2_ASAP7_75t_R)
  63.09  882.23 v _759990_/Y (BUFx2_ASAP7_75t_R)
  28.08  910.31 ^ _760015_/Y (NAND2x1_ASAP7_75t_R)
   0.00  910.31 ^ oskid_d[60]$_DFFE_PN0P_/D (DFFASRHQNx1_ASAP7_75t_R)
         910.31   data arrival time

 900.00  900.00   clock clk (rise edge)
   0.00  900.00   clock network delay (ideal)
-150.00  750.00   clock uncertainty
   0.00  750.00   clock reconvergence pessimism
         750.00 ^ oskid_d[60]$_DFFE_PN0P_/CLK (DFFASRHQNx1_ASAP7_75t_R)
 -38.35  711.65   library setup time
         711.65   data required time
---------------------------------------------------------
         711.65   data required time
        -910.31   data arrival time
---------------------------------------------------------
        -198.66   slack (VIOLATED)


==== mac4 : stage rotatorA (442 -> 1105 regs) ====
Startpoint: ymod_f[1]$_DFFE_PN0P_
            (rising edge-triggered flip-flop clocked by clk)
Endpoint: cvlo3_q[186]$_DFF_P_ (rising edge-triggered flip-flop clocked by clk)
Path Group: clk
Path Type: max

  Delay    Time   Description
---------------------------------------------------------
   0.00    0.00   clock clk (rise edge)
   0.00    0.00   clock network delay (ideal)
   0.00    0.00 ^ ymod_f[1]$_DFFE_PN0P_/CLK (DFFASRHQNx1_ASAP7_75t_R)
 104.28  104.28 v ymod_f[1]$_DFFE_PN0P_/QN (DFFASRHQNx1_ASAP7_75t_R)
  51.82  156.09 v _620005_/Y (BUFx3_ASAP7_75t_R)
  28.60  184.69 ^ _620006_/Y (INVx1_ASAP7_75t_R)
  46.01  230.70 v _904117_/CON (HAxp5_ASAP7_75t_R)
  31.98  262.68 ^ _904117_/SN (HAxp5_ASAP7_75t_R)
  32.53  295.21 v _877025_/CON (HAxp5_ASAP7_75t_R)
  26.90  322.10 ^ _518120_/Y (INVx1_ASAP7_75t_R)
 140.82  462.93 ^ _870436_/SN (FAx1_ASAP7_75t_R)
  85.25  548.17 ^ _777197_/Y (AND5x1_ASAP7_75t_R)
  50.99  599.17 ^ _777202_/Y (OR3x1_ASAP7_75t_R)
  25.85  625.02 v _777216_/Y (INVx1_ASAP7_75t_R)
  62.43  687.45 v _777217_/Y (OR3x1_ASAP7_75t_R)
  39.90  727.35 v _777311_/Y (AND2x2_ASAP7_75t_R)
  35.61  762.96 v _777312_/Y (BUFx3_ASAP7_75t_R)
  45.13  808.10 v _777313_/Y (BUFx2_ASAP7_75t_R)
  54.27  862.37 v _777452_/Y (BUFx2_ASAP7_75t_R)
  55.20  917.57 v _779181_/Y (OA211x2_ASAP7_75t_R)
  24.41  941.98 ^ _779182_/Y (AOI211x1_ASAP7_75t_R)
  41.05  983.03 ^ _779183_/Y (AO31x2_ASAP7_75t_R)
   0.00  983.03 ^ cvlo3_q[186]$_DFF_P_/D (DFFHQNx1_ASAP7_75t_R)
         983.03   data arrival time

 900.00  900.00   clock clk (rise edge)
   0.00  900.00   clock network delay (ideal)
-150.00  750.00   clock uncertainty
   0.00  750.00   clock reconvergence pessimism
         750.00 ^ cvlo3_q[186]$_DFF_P_/CLK (DFFHQNx1_ASAP7_75t_R)
 -28.70  721.30   library setup time
         721.30   data required time
---------------------------------------------------------
         721.30   data required time
        -983.03   data arrival time
---------------------------------------------------------
        -261.74   slack (VIOLATED)


==== mac4 : stage rotatorB (1097 -> 441 regs) ====
Startpoint: shi1_q[0]$_DFF_P_ (rising edge-triggered flip-flop clocked by clk)
Endpoint: c_fut[7]$_DFF_P_ (rising edge-triggered flip-flop clocked by clk)
Path Group: clk
Path Type: max

  Delay    Time   Description
---------------------------------------------------------
   0.00    0.00   clock clk (rise edge)
   0.00    0.00   clock network delay (ideal)
   0.00    0.00 ^ shi1_q[0]$_DFF_P_/CLK (DFFHQNx1_ASAP7_75t_R)
  64.66   64.66 v shi1_q[0]$_DFF_P_/QN (DFFHQNx1_ASAP7_75t_R)
  46.33  110.99 v _486679_/Y (BUFx2_ASAP7_75t_R)
  47.91  158.90 v _486680_/Y (BUFx2_ASAP7_75t_R)
  47.93  206.83 v _505336_/Y (BUFx2_ASAP7_75t_R)
  56.55  263.38 v _581837_/Y (BUFx2_ASAP7_75t_R)
  54.08  317.46 v _770654_/Y (BUFx2_ASAP7_75t_R)
  43.20  360.66 v _770679_/Y (OA21x2_ASAP7_75t_R)
  29.27  389.93 v _775234_/Y (AND2x2_ASAP7_75t_R)
  35.21  425.14 v _775235_/Y (AO21x1_ASAP7_75t_R)
  42.46  467.59 v _777173_/Y (OA21x2_ASAP7_75t_R)
  58.21  525.80 v _838247_/SN (FAx1_ASAP7_75t_R)
  20.72  546.52 ^ _603920_/Y (INVx1_ASAP7_75t_R)
  25.33  571.86 v _914611_/CON (HAxp5_ASAP7_75t_R)
  25.50  597.36 ^ _504480_/Y (INVx1_ASAP7_75t_R)
  34.80  632.16 v _841243_/CON (FAx1_ASAP7_75t_R)
  45.70  677.86 v _505249_/Y (OA21x2_ASAP7_75t_R)
  38.65  716.51 v _505250_/Y (OA21x2_ASAP7_75t_R)
  36.56  753.07 v _505251_/Y (OA21x2_ASAP7_75t_R)
  36.69  789.76 v _505252_/Y (OA21x2_ASAP7_75t_R)
  42.91  832.67 ^ _505348_/Y (XNOR2x2_ASAP7_75t_R)
   0.00  832.67 ^ c_fut[7]$_DFF_P_/D (DFFHQNx1_ASAP7_75t_R)
         832.67   data arrival time

 900.00  900.00   clock clk (rise edge)
   0.00  900.00   clock network delay (ideal)
-150.00  750.00   clock uncertainty
   0.00  750.00   clock reconvergence pessimism
         750.00 ^ c_fut[7]$_DFF_P_/CLK (DFFHQNx1_ASAP7_75t_R)
 -28.32  721.68   library setup time
         721.68   data required time
---------------------------------------------------------
         721.68   data required time
        -832.67   data arrival time
---------------------------------------------------------
        -110.99   slack (VIOLATED)


==== mac4 : stage ctrl->memcmd (83 -> 108 regs) ====
Startpoint: oskid_v$_DFFE_PN0P_ (rising edge-triggered flip-flop clocked by clk)
Endpoint: m_1h[25]$_DFFE_PN0P_ (rising edge-triggered flip-flop clocked by clk)
Path Group: clk
Path Type: max

  Delay    Time   Description
---------------------------------------------------------
   0.00    0.00   clock clk (rise edge)
   0.00    0.00   clock network delay (ideal)
   0.00    0.00 ^ oskid_v$_DFFE_PN0P_/CLK (DFFASRHQNx1_ASAP7_75t_R)
  87.79   87.79 ^ oskid_v$_DFFE_PN0P_/QN (DFFASRHQNx1_ASAP7_75t_R)
  53.70  141.49 ^ _784826_/Y (BUFx2_ASAP7_75t_R)
  34.28  175.78 v _784827_/Y (INVx1_ASAP7_75t_R)
  59.14  234.91 v _784828_/Y (BUFx2_ASAP7_75t_R)
  65.75  300.66 v _784829_/Y (BUFx2_ASAP7_75t_R)
  61.15  361.82 ^ _873391_/CON (HAxp5_ASAP7_75t_R)
  50.32  412.14 v _785245_/Y (OAI21x1_ASAP7_75t_R)
  40.69  452.83 ^ _785408_/Y (NOR3x1_ASAP7_75t_R)
  61.30  514.13 ^ _785437_/Y (AND3x1_ASAP7_75t_R)
  53.10  567.23 ^ _785438_/Y (BUFx2_ASAP7_75t_R)
  48.38  615.61 ^ _785444_/Y (AND4x1_ASAP7_75t_R)
   0.00  615.61 ^ m_1h[25]$_DFFE_PN0P_/D (DFFASRHQNx1_ASAP7_75t_R)
         615.61   data arrival time

 900.00  900.00   clock clk (rise edge)
   0.00  900.00   clock network delay (ideal)
-150.00  750.00   clock uncertainty
   0.00  750.00   clock reconvergence pessimism
         750.00 ^ m_1h[25]$_DFFE_PN0P_/CLK (DFFASRHQNx1_ASAP7_75t_R)
 -36.26  713.74   library setup time
         713.74   data required time
---------------------------------------------------------
         713.74   data required time
        -615.61   data arrival time
---------------------------------------------------------
          98.13   slack (MET)


Warning 349: ab_sta.tcl line 1, instance 'mem_(ce|we)\[.*' not found.
Warning 366: ab_sta.tcl line 1, port 'mem_(ce|we)\[.*' not found.
==== mac4 : stage ctrl->mem_ce_port : NO CELLS (from 106, to 0) ====
==== mac4 : DONE ====
== sta exit 0
